Gnucap 2009.12.07 RCS 26.136
The Gnu Circuit Analysis Package
Never trust any version less than 1.0
Copyright 1982-2009, Albert Davis
Gnucap comes with ABSOLUTELY NO WARRANTY
This is free software, and you are welcome
to redistribute it under the terms of 
the GNU General Public License, version 3 or later.
See the file "COPYING" for details.
D: already installed, replacing
stashing as D:0
d: already installed, replacing
stashing as d:0
* rtest test 
#           v(1)       I(V1)     
 0.         0.         0.        
 0.5        0.5       -500.E-6   
 1.         1.        -0.001     
 1.5        1.5       -0.0015    
 2.         2.        -0.002     
